IT-IN-OPERACAO                          A 0001
IT-CO-MUNICIPIO                         N 0004
IT-CO-MUNICIPIO-BACEN                   N 0005
IT-NU-CGC-MUNICIPIO                     A 0014
IT-CO-MUNICIPIO-BANCO-BRASIL            N 0006
IT-NO-MUNICIPIO                         A 0045
IT-CO-UF                                A 0002
IT-CO-MUNICIPIO-IBGE                    N 0007
